// Jest Snapshot v1, https://goo.gl/fbAQLP

exports[`DashBoard should render correctly in "debug" mode 1`] = `""`;
