// Jest Snapshot v1, https://goo.gl/fbAQLP

exports[`ColorPallate should render correctly in "debug" mode 1`] = `
<ColorPallate
  Page="lolu"
  open={false}
  user={
    Object {
      "created_at": "2019-01-18 05:11:38",
      "email": "chiragkatare123@gmail.com",
      "email_verified_at": "2019-01-18 05:11:38",
      "firstname": "chirag",
      "id": 2,
      "labels": Array [],
      "lastname": "katare",
      "profilepic": null,
      "provider": "google",
      "providerprofile": "https://lh3.googleusercontent.com/-1wwCcqQ-5Go/AAAAAAAAAAI/AAAAAAAAAOQ/QIRD_Zo2SM8/s96-c/photo.jpg",
      "updated_at": "2019-01-18 05:11:38",
      "verifytoken": "9XzXI2zkKVjWbSpMdj0qkLkiSQL9wTfJ1OUOXorYA5emjZHYaYenJJ3WY3LD",
    }
  }
>
  <div
    onMouseEnter={[Function]}
    onMouseLeave={[Function]}
  >
    <div
      className="note-icon-div"
      role="Button"
    >
      <img
        alt=""
        src={
          Object {
            "ReactComponent": [Function],
            "__esModule": true,
            "default": "ColorPallate.svg",
          }
        }
      />
    </div>
    <Popper
      anchorEl={null}
      className="colorpallate-popper"
      disablePortal={true}
      open={false}
      placement="top-start"
      transition={true}
    />
  </div>
</ColorPallate>
`;
